// Jest Snapshot v1, https://goo.gl/fbAQLP

exports[`<Routes /> Should render correctly 1`] = `
<HashRouter>
  <Switch>
    <Route
      component={[Function]}
      exact={true}
      path="/"
    />
  </Switch>
</HashRouter>
`;
